// Vitest Snapshot v1, https://vitest.dev/guide/snapshot.html

exports[`FavoriteList.vue > renders correctly 1`] = `
"<div data-v-1eff25f7=\\"\\" class=\\"favorite-container section\\">
  <h2 data-v-1eff25f7=\\"\\">Favourites</h2>
  <div data-v-1eff25f7=\\"\\" class=\\"favorite-list flex\\"><a data-v-cd289b13=\\"\\" data-v-1eff25f7=\\"\\" href=\\"/show/1\\" class=\\"favorite flex flex-ai-c\\">
      <div data-v-cd289b13=\\"\\" class=\\"favorite__img\\"><img data-v-cd289b13=\\"\\" src=\\"/src/assets/images/show-no-image.png\\" alt=\\"Show image\\"></div>
      <div data-v-cd289b13=\\"\\" class=\\"favDetails flex flex-jc-sb\\">
        <p data-v-cd289b13=\\"\\" class=\\"favDetails__name\\">Favorite 1</p>
        <div data-v-cd289b13=\\"\\" class=\\"favDetails__delete flex flex-jc-c flex-ai-c\\"><button data-v-cd289b13=\\"\\" class=\\"delete-icon\\"><i data-v-cd289b13=\\"\\" class=\\"material-icons\\">clear</i></button></div>
      </div>
    </a></div>
</div>"
`;
